NAME 	PERMALINK	COUNTRY NAME   
hello	POG1     	Pogland       	
hello	GB1      	United Kingdom	
