[{"id":"dc_9UVoPiUQoI1cqtRd","name":"hello","permalink":"POG1","country":{"id":"POG","name":"Pogland"}},{"id":"dc_9UVoPiUQoI1cqtR0","name":"hello","permalink":"GB1","country":{"id":"UK","name":"United Kingdom"}}]
