KEY      	VALUE 
api_token	test 	
api_url  	test 	
