+---------+-------+
|   KEY   | VALUE |
+---------+-------+
| api_key |       |
| api_url |       |
+---------+-------+
