KEY      	VALUE 
api_token	     	
api_url  	test 	
