[
  {
    "id": "loge",
    "name": "Loge Enthusiasts",
    "sub_domain": "loge"
  },
  {
    "id": "testing",
    "name": "testing, testing, 123",
    "sub_domain": "test"
  }
]