NAME                 	SUBDOMAIN 
Loge Enthusiasts     	loge     	
testing, testing, 123	test     	
