NAME 	FQDN              
test 	test.example.com 	
test1	test1.example.com	
test2	test2.example.com	
