NAME   	FQDN                             
My Blog	my-blog.acme-labs.katapult.cloud	
