{
  "networks": [
    {
      "id": "pognet3",
      "name": "Pognet 3",
      "permalink": "pog-3",
      "data_center": {
        "id": "POG1",
        "name": "Pogland 1",
        "permalink": "pog1",
        "country": {
          "id": "pog",
          "name": "Pogland"
        }
      }
    },
    {
      "id": "pognet4",
      "name": "Pognet 4",
      "permalink": "pog-4",
      "data_center": {
        "id": "POG1",
        "name": "Pogland 1",
        "permalink": "pog1",
        "country": {
          "id": "pog",
          "name": "Pogland"
        }
      }
    }
  ],
  "virtual_networks": []
}