Networks:
 - Pognet 3 [pognet3]
 - Pognet 4 [pognet4]
---
Virtual Networks:
