┌────────────┐
│ [31m* [0 │
│ mabcabc    │
│ b          │
│ ┌────────┐ │
│ │hello▓  │ │
│ └────────┘ │
└────────────┘