┌────────────┐
│ [31m* [0ma        │
│ b          │
│ ┌────────┐ │
│ │hello░  │ │
│ └────────┘ │
└────────────┘