{
  "id": "dc_9UVoPiUQoI1cqtRd",
  "name": "hello",
  "permalink": "POG1",
  "country": {
    "id": "POG",
    "name": "Pogland"
  }
}