NAME 	PERMALINK	COUNTRY NAME   
hello	GB1      	United Kingdom	
