{"id":"dc_9UVoPiUQoI1cqtR0","name":"hello","permalink":"GB1","country":{"id":"UK","name":"United Kingdom"}}
