+-------+-----------+--------------+
| NAME  | PERMALINK | COUNTRY NAME |
+-------+-----------+--------------+
| hello | POG1      | Pogland      |
+-------+-----------+--------------+
