[2J[32mtest (Press ENTER to select items and ESC when you are done with your selections): [0m[34m[0m[34mhello[0m
[31m[ ] [0m[33mhello[0m
[31m[ ] [0mworld






[2J[32mtest (Press ENTER to select items and ESC when you are done with your selections): [0m[34m[0m[34mworld[0m
[31m[ ] [0mhello
[31m[ ] [0m[33mworld[0m






