[2J[32mtest (Press ENTER to select items and ESC when you are done with your selections): [0m[34m[0m[34mhello[0m
[31m[ ] [0m[33mhello[0m
[31m[ ] [0mworld






[2J[32mtest (Press ENTER to select items and ESC when you are done with your selections): [0m[34m[0mh[34mello[0m
[31m[ ] [0m[33mhello[0m







[2J[32mtest (Press ENTER to select items and ESC when you are done with your selections): [0m[34m[0mhe[34mllo[0m
[31m[ ] [0m[33mhello[0m







