[2J[32mtest (Press ENTER to select items and ESC when you are done with your selections): [0m[34m[0m[34mhello / a[0m
[36m    test                                                                                              123                                                                                               [0m
[31m[ ] [0m[33mhello                                                                                             a                                                                                                 [0m
[31m[ ] [0mworld                                                                                             b                                                                                                 





[2J[32mtest (Press ENTER to select items and ESC when you are done with your selections): [0m[34m[0mh[34mello / a[0m
[36m    test                                                                                              123                                                                                               [0m
[31m[ ] [0m[33mhello                                                                                             a                                                                                                 [0m






[2J[32mtest (Press ENTER to select items and ESC when you are done with your selections): [0m[34m[0mhe[34mllo / a[0m
[36m    test                                                                                              123                                                                                               [0m
[31m[ ] [0m[33mhello                                                                                             a                                                                                                 [0m






